// Vitest Snapshot v1, https://vitest.dev/guide/snapshot.html

exports[`audit report on the demo petstore > matches the recorded report 1`] = `
"OpenAPI 3.2.0 — grade A (95/100)
error 0 · warning 14 · info 76

## correctness — 99 % over 410 checks
  warning responses-success — failForbidden
  warning responses-success — failRateLimit
  warning responses-success — failServerError
  warning responses-success — failUnavailable

## security — 77 % over 117 checks
  warning oauth-legacy-flows — /components/securitySchemes/petstore_auth/flows/implicit {"flow":"implicit"}
  warning operation-unsecured — failValidation {"access":"omitted"}
  info operation-unsecured — failCors {"access":"omitted"}
  info operation-unsecured — failHang {"access":"omitted"}
  info operation-unsecured — failMalformed {"access":"omitted"}
  info operation-unsecured — failRateLimit {"access":"omitted"}
  info operation-unsecured — failServerError {"access":"omitted"}
  info operation-unsecured — failSlow {"access":"omitted"}
  info operation-unsecured — failUnavailable {"access":"omitted"}
  info operation-unsecured — failUnreachable {"access":"omitted"}
  info secured-op-errors — failForbidden {"missing":"WWW-Authenticate"}
  info secured-op-errors — failProtected {"missing":"WWW-Authenticate"}
  info secured-op-errors — addPet {"missing":"401 / 403"}
  info secured-op-errors — updatePet {"missing":"401 / 403"}
  info secured-op-errors — findPetsByStatus {"missing":"401 / 403"}
  info secured-op-errors — findPetsByTags {"missing":"401 / 403"}
  info secured-op-errors — filterPets {"missing":"401 / 403"}
  info secured-op-errors — searchPets {"missing":"401 / 403"}
  info secured-op-errors — deletePet {"missing":"401 / 403"}
  info secured-op-errors — getPetById {"missing":"401 / 403"}
  info secured-op-errors — updatePetWithForm {"missing":"401 / 403"}
  info secured-op-errors — streamPetEvents {"missing":"401 / 403"}
  info secured-op-errors — subscribeToPet {"missing":"401 / 403"}
  info secured-op-errors — uploadFile {"missing":"401 / 403"}
  info secured-op-errors — purgeInventory {"missing":"WWW-Authenticate"}
  info secured-op-errors — getInventory {"missing":"401 / 403"}
  info secured-op-errors — placeOrder {"missing":"401 / 403"}
  info secured-op-errors — deleteOrder {"missing":"401 / 403"}
  info secured-op-errors — getOrderById {"missing":"401 / 403"}
  info secured-op-errors — createUser {"missing":"401 / 403"}
  info secured-op-errors — createUsersWithListInput {"missing":"401 / 403"}
  info secured-op-errors — loginUser {"missing":"401 / 403"}
  info secured-op-errors — logoutUser {"missing":"401 / 403"}
  info secured-op-errors — deleteUser {"missing":"401 / 403"}
  info secured-op-errors — getUserByName {"missing":"401 / 403"}
  info secured-op-errors — updateUser {"missing":"401 / 403"}
  info unbounded-input — failValidation {"count":1,"names":"email"}
  info unbounded-input — addPet {"count":6,"names":"name, category.name, photoUrls (+3)"}
  info unbounded-input — updatePet {"count":6,"names":"name, category.name, photoUrls (+3)"}
  info unbounded-input — searchPets {"count":4,"names":"name, status, tags (+1)"}
  info unbounded-input — subscribeToPet {"count":2,"names":"callbackUrl, events"}
  info unbounded-input — uploadFile {"count":1,"names":"caption"}
  info unbounded-input — createUser {"count":6,"names":"username, firstName, lastName (+3)"}
  info unbounded-input — createUsersWithListInput {"count":7,"names":"application/json, [].username, [].firstName (+4)"}
  info unbounded-input — updateUser {"count":6,"names":"username, firstName, lastName (+3)"}

## completeness — 93 % over 287 checks
  warning parameter-described — uploadFile {"name":"additionalMetadata"}
  warning request-body-described — subscribeToPet (onPetStatus · POST {$request.body#/callbackUrl})
  warning request-body-described — subscribeToPet (onSubscriptionExpiring · POST {$request.body#/callbackUrl}?event=expiring)
  warning request-body-described — orderPlacedWebhook
  warning request-body-described — petStatusChangedWebhook
  info property-described — /components/schemas/ApiResponse/properties {"count":3,"names":"code, type, message"}
  info property-described — /components/schemas/Category/properties {"count":2,"names":"id, name"}
  info property-described — /components/schemas/Order/properties {"count":5,"names":"id, petId, quantity (+2)"}
  info property-described — /components/schemas/Pet/properties {"count":5,"names":"id, name, category (+2)"}
  info property-described — /components/schemas/PetSearch/properties {"count":2,"names":"tags, limit"}
  info property-described — /components/schemas/PetStatusEvent/properties {"count":4,"names":"petId, name, previousStatus (+1)"}
  info property-described — /components/schemas/Subscription/properties {"count":5,"names":"id, petId, callbackUrl (+2)"}
  info property-described — /components/schemas/Tag/properties {"count":2,"names":"id, name"}
  info property-described — /components/schemas/User/properties {"count":8,"names":"id, username, firstName (+5)"}
  info property-described — subscribeToPet (onSubscriptionExpiring · POST {$request.body#/callbackUrl}?event=expiring) {"count":2,"names":"subscriptionId, expiresAt"}
  info response-example — /components/schemas/ApiResponse {"status":"200"}
  info response-example — /components/schemas/Order {"status":"200"}
  info response-example — /components/schemas/Pet {"status":"200"}
  info response-example — /components/schemas/PetStatusEvent {"status":"200"}
  info response-example — /components/schemas/Subscription {"status":"201"}
  info response-example — /components/schemas/User {"status":"200"}
  info response-example — failMalformed {"status":"200"}
  info response-example — findPetsByStatus {"status":"200"}
  info response-example — findPetsByTags {"status":"200"}
  info response-example — filterPets {"status":"200"}
  info response-example — searchPets {"status":"200"}
  info response-example — getInventory {"status":"200"}
  info response-example — loginUser {"status":"200"}

## deprecation — 100 % over 2 checks
  (no finding)

## consistency — 99 % over 106 checks
  info path-style — failRateLimit {"segment":"rate-limit","style":"kebab-case","dominant":"camelCase"}
  info path-style — failServerError {"segment":"server-error","style":"kebab-case","dominant":"camelCase"}

## readiness — 98 % over 260 checks
  warning server-placeholder — failCors {"url":"https://example.com"}
  warning server-placeholder — failUnreachable {"url":"https://api.demo.invalid"}
  info security-scheme-described — /components/securitySchemes/basicAuth {"name":"basicAuth"}

## agent — 96 % over 164 checks
  warning parameter-name-collision — updateUser {"name":"username","first":"path","second":"body"}
  info enum-values-undescribed — subscribeToPet {"count":2,"missing":"status.changed, order.placed"}
  info input-root-shape — createUsersWithListInput {"shape":"array","mediaType":"application/json"}
  info request-example — addPet {"mediaType":"application/json"}
  info request-example — updatePet {"mediaType":"application/json"}
  info request-example — searchPets {"mediaType":"application/json"}
  info request-example — uploadFile {"mediaType":"multipart/form-data"}
  info request-example — placeOrder {"mediaType":"application/json"}"
`;
