// Vitest Snapshot v1, https://vitest.dev/guide/snapshot.html

exports[`audit JSON report > declares its format and version, and carries the rule texts once 1`] = `
{
  "format": "apiglow-audit-report",
  "passed": true,
  "rules": {
    "duplicate-operation-id": {
      "category": "correctness",
      "fix": "Rename one of the operationIds so that each value is unique in the document — a verb and a noun reads best (listPets, getPet).",
      "label": "Duplicate operationId",
      "message": "operationId “{operationId}” is used by more than one operation.",
      "why": "An operationId must be unique in the document, and this documentation turns it into the operation's deep link: one of the two links lands on the other operation.",
    },
    "operation-tagged": {
      "category": "readiness",
      "fix": "Add at least one tag, and declare it with a description in the top-level tags list.",
      "label": "Operation without tag",
      "message": "This operation carries no tag.",
      "why": "It lands in the navigation's catch-all group along with every other untagged operation, and the reader cannot tell which family it belongs to.",
    },
    "security-scheme-described": {
      "category": "readiness",
      "fix": "Add a description to the scheme saying where to get the credential and in what form to paste it.",
      "label": "Security scheme without description",
      "message": "Security scheme “{name}” has no description.",
      "why": "The credentials block shows that description to explain what to paste and where to get it. Without one, the reader faces a bare field labelled with the scheme's key.",
    },
  },
  "specs": [
    {
      "gates": [],
      "id": "default",
      "passed": true,
      "report": {
        "api": {
          "contact": {
            "email": "api@petstore.test",
            "name": "API team",
          },
          "license": {
            "name": "Apache 2.0",
            "url": "https://apache.org/licenses/LICENSE-2.0",
          },
          "title": "Swagger Petstore",
          "version": "1.0.11",
        },
        "categories": [
          {
            "checks": 5,
            "counts": {
              "error": 1,
              "info": 0,
              "warning": 0,
            },
            "findings": [
              {
                "category": "correctness",
                "dataPath": "/paths/~1pet~1{petId}/get",
                "fingerprint": "default|duplicate-operation-id|/paths/~1pet~1{petId}/get|0",
                "location": "GET /pet/{petId}",
                "opRef": "getPet",
                "params": {
                  "operationId": "getPet",
                },
                "ruleId": "duplicate-operation-id",
                "severity": "error",
              },
            ],
            "id": "correctness",
            "score": 60,
          },
          {
            "checks": 3,
            "counts": {
              "error": 0,
              "info": 0,
              "warning": 0,
            },
            "findings": [],
            "id": "completeness",
            "score": 100,
          },
          {
            "checks": 9,
            "counts": {
              "error": 0,
              "info": 1,
              "warning": 1,
            },
            "findings": [
              {
                "category": "readiness",
                "dataPath": "/components/securitySchemes/apiKey",
                "fingerprint": "default|security-scheme-described|/components/securitySchemes/apiKey|0",
                "location": "components.securitySchemes.apiKey",
                "opRef": null,
                "params": {
                  "name": "apiKey",
                },
                "ruleId": "security-scheme-described",
                "severity": "warning",
              },
              {
                "category": "readiness",
                "dataPath": "/paths/~1admin~1reset/delete",
                "fingerprint": "default|operation-tagged|/paths/~1admin~1reset/delete|0",
                "hidden": true,
                "location": "DELETE /admin/reset",
                "opRef": null,
                "params": {},
                "ruleId": "operation-tagged",
                "severity": "info",
              },
            ],
            "id": "readiness",
            "score": 74,
          },
        ],
        "counts": {
          "error": 1,
          "info": 1,
          "total": 3,
          "warning": 1,
        },
        "grade": "C",
        "openapi": "3.1.0",
        "scope": {
          "groups": 3,
          "operations": 19,
          "schemas": 64,
          "securitySchemes": 2,
          "webhooks": 2,
        },
        "score": 78,
      },
      "source": "openapi.yaml",
    },
  ],
  "tool": {
    "name": "apiglow",
    "version": "0.0.0",
  },
  "version": 1,
}
`;

exports[`audit Markdown export > renders grade, scores and findings 1`] = `
"# Schema audit — Swagger Petstore

**Grade C** — 78 / 100 · Version 1.0.11 · OpenAPI 3.1.0
Generated on 2026-08-05 19:42:07

Contact: API team · api@petstore.test — License: Apache 2.0 · https://apache.org/licenses/LICENSE-2.0

Operations: 19 · Groups: 3 · Webhooks: 2 · Security schemes: 2 · Schemas: 64

1 error(s) · 1 warning(s) · 1 note(s)

- Correctness: 60 % — 1 error(s)
- Documentation: 100 %
- Docs readiness: 74 % — 1 warning(s) · 1 note(s)

## Correctness — 60 % · 1 error(s)

- **Error** — operationId “getPet” is used by more than one operation.
  \`GET /pet/{petId}\` · \`/paths/~1pet~1{petId}/get\`
  *Why it matters*: An operationId must be unique in the document, and this documentation turns it into the operation's deep link: one of the two links lands on the other operation.
  *How to fix:* Rename one of the operationIds so that each value is unique in the document — a verb and a noun reads best (listPets, getPet).

## Docs readiness — 74 % · 1 warning(s) · 1 note(s)

- **Warning** — Security scheme “apiKey” has no description.
  \`components.securitySchemes.apiKey\` · \`/components/securitySchemes/apiKey\`
  *Why it matters*: The credentials block shows that description to explain what to paste and where to get it. Without one, the reader faces a bare field labelled with the scheme's key.
  *How to fix:* Add a description to the scheme saying where to get the credential and in what form to paste it.
- **Note** — This operation carries no tag.
  \`DELETE /admin/reset\` · (Hidden operation) · \`/paths/~1admin~1reset/delete\`
  *Why it matters*: It lands in the navigation's catch-all group along with every other untagged operation, and the reader cannot tell which family it belongs to.
  *How to fix:* Add at least one tag, and declare it with a description in the top-level tags list.
"
`;

exports[`audit Markdown export > states the empty case rather than showing an empty list 1`] = `
"# Schema audit

**Grade A** — 100 / 100 · OpenAPI 3.1.0
Generated on 2026-08-05 19:42:07

Operations: 4 · Groups: 1 · Webhooks: 0 · Security schemes: 1 · Schemas: 3

No finding

- Correctness: 100 %

> No findings. Every applicable check passes on this schema.
"
`;

exports[`audit console report > renders grade, scores and findings folded by rule 1`] = `
"Schema audit — Swagger Petstore
Grade C · 78 / 100 · Version 1.0.11 · OpenAPI 3.1.0

Contact: API team · api@petstore.test — License: Apache 2.0 · https://apache.org/licenses/LICENSE-2.0

Operations: 19 · Groups: 3 · Webhooks: 2 · Security schemes: 2 · Schemas: 64

1 error(s) · 1 warning(s) · 1 note(s)

  Correctness: 60 % — 1 error(s)
  Documentation: 100 %
  Docs readiness: 74 % — 1 warning(s) · 1 note(s)

Correctness — 60 %

  Error · Duplicate operationId (1) [duplicate-operation-id]
    Why it matters: An operationId must be unique in the document, and this documentation turns it into the operation's deep link: one of the two links lands on the other operation.
    How to fix: Rename one of the operationIds so that each value is unique in the document — a verb and a noun reads best (listPets, getPet).
    - operationId “getPet” is used by more than one operation.
      GET /pet/{petId} · /paths/~1pet~1{petId}/get

Docs readiness — 74 %

  Warning · Security scheme without description (1) [security-scheme-described]
    Why it matters: The credentials block shows that description to explain what to paste and where to get it. Without one, the reader faces a bare field labelled with the scheme's key.
    How to fix: Add a description to the scheme saying where to get the credential and in what form to paste it.
    - Security scheme “apiKey” has no description.
      components.securitySchemes.apiKey · /components/securitySchemes/apiKey

  Note · Operation without tag (1) [operation-tagged]
    Why it matters: It lands in the navigation's catch-all group along with every other untagged operation, and the reader cannot tell which family it belongs to.
    How to fix: Add at least one tag, and declare it with a description in the top-level tags list.
    - This operation carries no tag.
      DELETE /admin/reset · (Hidden operation) · /paths/~1admin~1reset/delete
"
`;

exports[`audit reports for CI platforms > writes GitHub workflow commands, escaped 1`] = `
"::error file=apis/pets/openapi.yaml,line=10,col=5,title=Duplicate operationId [duplicate-operation-id]::operationId “getPet” is used by more than one operation.%0AGET /pet/{petId} · /paths/~1pet~1{petId}/get%0AHow to fix: Rename one of the operationIds so that each value is unique in the document — a verb and a noun reads best (listPets, getPet).
::notice file=apis/pets/openapi.yaml,line=11,col=5,title=Operation without tag [operation-tagged]::This operation carries no tag.%0ADELETE /admin/reset · /paths/~1admin~1reset/delete%0AHow to fix: Add at least one tag, and declare it with a description in the top-level tags list.
::warning file=apis/pets/openapi.yaml,line=10,col=5,title=Security scheme without description [security-scheme-described]::Security scheme “apiKey” has no description.%0Acomponents.securitySchemes.apiKey · /components/securitySchemes/apiKey%0AHow to fix: Add a description to the scheme saying where to get the credential and in what form to paste it.
"
`;

exports[`audit reports for CI platforms > writes GitLab Code Quality with our fingerprints 1`] = `
[
  {
    "check_name": "duplicate-operation-id",
    "description": "operationId “getPet” is used by more than one operation.",
    "fingerprint": "default|duplicate-operation-id|/paths/~1pet~1{petId}/get|0",
    "location": {
      "lines": {
        "begin": 10,
      },
      "path": "apis/pets/openapi.yaml",
    },
    "severity": "critical",
  },
  {
    "check_name": "security-scheme-described",
    "description": "Security scheme “apiKey” has no description.",
    "fingerprint": "default|security-scheme-described|/components/securitySchemes/apiKey|0",
    "location": {
      "lines": {
        "begin": 10,
      },
      "path": "apis/pets/openapi.yaml",
    },
    "severity": "major",
  },
  {
    "check_name": "operation-tagged",
    "description": "This operation carries no tag.",
    "fingerprint": "default|operation-tagged|/paths/~1admin~1reset/delete|0",
    "location": {
      "lines": {
        "begin": 11,
      },
      "path": "apis/pets/openapi.yaml",
    },
    "severity": "minor",
  },
]
`;

exports[`audit reports for CI platforms > writes SARIF 2.1.0, one run per spec 1`] = `
{
  "$schema": "https://json.schemastore.org/sarif-2.1.0.json",
  "runs": [
    {
      "automationDetails": {
        "id": "apiglow-audit/default/",
      },
      "properties": {
        "grade": "C",
        "profile": null,
        "score": 78,
      },
      "results": [
        {
          "baselineState": "new",
          "level": "error",
          "locations": [
            {
              "logicalLocations": [
                {
                  "fullyQualifiedName": "/paths/~1pet~1{petId}/get",
                  "name": "GET /pet/{petId}",
                },
              ],
              "physicalLocation": {
                "artifactLocation": {
                  "uri": "apis/pets/openapi.yaml",
                },
                "region": {
                  "startColumn": 5,
                  "startLine": 10,
                },
              },
            },
          ],
          "message": {
            "text": "operationId “getPet” is used by more than one operation.",
          },
          "partialFingerprints": {
            "apiglowFingerprint/v1": "default|duplicate-operation-id|/paths/~1pet~1{petId}/get|0",
          },
          "properties": {
            "params": {
              "operationId": "getPet",
            },
            "pointer": "/paths/~1pet~1{petId}/get",
          },
          "ruleId": "duplicate-operation-id",
          "ruleIndex": 0,
        },
        {
          "baselineState": "new",
          "level": "note",
          "locations": [
            {
              "logicalLocations": [
                {
                  "fullyQualifiedName": "/paths/~1admin~1reset/delete",
                  "name": "DELETE /admin/reset",
                },
              ],
              "physicalLocation": {
                "artifactLocation": {
                  "uri": "apis/pets/openapi.yaml",
                },
                "region": {
                  "startColumn": 5,
                  "startLine": 11,
                },
              },
            },
          ],
          "message": {
            "text": "This operation carries no tag.",
          },
          "partialFingerprints": {
            "apiglowFingerprint/v1": "default|operation-tagged|/paths/~1admin~1reset/delete|0",
          },
          "properties": {
            "params": {},
            "pointer": "/paths/~1admin~1reset/delete",
          },
          "ruleId": "operation-tagged",
          "ruleIndex": 1,
        },
        {
          "baselineState": "unchanged",
          "level": "warning",
          "locations": [
            {
              "logicalLocations": [
                {
                  "fullyQualifiedName": "/components/securitySchemes/apiKey",
                  "name": "components.securitySchemes.apiKey",
                },
              ],
              "physicalLocation": {
                "artifactLocation": {
                  "uri": "apis/pets/openapi.yaml",
                },
                "region": {
                  "startColumn": 5,
                  "startLine": 10,
                },
              },
            },
          ],
          "message": {
            "text": "Security scheme “apiKey” has no description.",
          },
          "partialFingerprints": {
            "apiglowFingerprint/v1": "default|security-scheme-described|/components/securitySchemes/apiKey|0",
          },
          "properties": {
            "params": {
              "name": "apiKey",
            },
            "pointer": "/components/securitySchemes/apiKey",
          },
          "ruleId": "security-scheme-described",
          "ruleIndex": 2,
        },
      ],
      "tool": {
        "driver": {
          "informationUri": "https://apiglow.dev",
          "name": "apiglow",
          "rules": [
            {
              "defaultConfiguration": {
                "level": "error",
              },
              "fullDescription": {
                "text": "An operationId must be unique in the document, and this documentation turns it into the operation's deep link: one of the two links lands on the other operation.",
              },
              "help": {
                "markdown": "**Why it matters**: An operationId must be unique in the document, and this documentation turns it into the operation's deep link: one of the two links lands on the other operation.

**How to fix:** Rename one of the operationIds so that each value is unique in the document — a verb and a noun reads best (listPets, getPet).",
                "text": "An operationId must be unique in the document, and this documentation turns it into the operation's deep link: one of the two links lands on the other operation.

How to fix: Rename one of the operationIds so that each value is unique in the document — a verb and a noun reads best (listPets, getPet).",
              },
              "id": "duplicate-operation-id",
              "properties": {
                "category": "correctness",
                "problem.severity": "error",
                "tags": [
                  "correctness",
                ],
              },
              "shortDescription": {
                "text": "Duplicate operationId",
              },
            },
            {
              "defaultConfiguration": {
                "level": "note",
              },
              "fullDescription": {
                "text": "It lands in the navigation's catch-all group along with every other untagged operation, and the reader cannot tell which family it belongs to.",
              },
              "help": {
                "markdown": "**Why it matters**: It lands in the navigation's catch-all group along with every other untagged operation, and the reader cannot tell which family it belongs to.

**How to fix:** Add at least one tag, and declare it with a description in the top-level tags list.",
                "text": "It lands in the navigation's catch-all group along with every other untagged operation, and the reader cannot tell which family it belongs to.

How to fix: Add at least one tag, and declare it with a description in the top-level tags list.",
              },
              "id": "operation-tagged",
              "properties": {
                "category": "readiness",
                "problem.severity": "recommendation",
                "tags": [
                  "readiness",
                ],
              },
              "shortDescription": {
                "text": "Operation without tag",
              },
            },
            {
              "defaultConfiguration": {
                "level": "note",
              },
              "fullDescription": {
                "text": "The credentials block shows that description to explain what to paste and where to get it. Without one, the reader faces a bare field labelled with the scheme's key.",
              },
              "help": {
                "markdown": "**Why it matters**: The credentials block shows that description to explain what to paste and where to get it. Without one, the reader faces a bare field labelled with the scheme's key.

**How to fix:** Add a description to the scheme saying where to get the credential and in what form to paste it.",
                "text": "The credentials block shows that description to explain what to paste and where to get it. Without one, the reader faces a bare field labelled with the scheme's key.

How to fix: Add a description to the scheme saying where to get the credential and in what form to paste it.",
              },
              "id": "security-scheme-described",
              "properties": {
                "category": "readiness",
                "problem.severity": "recommendation",
                "tags": [
                  "readiness",
                ],
              },
              "shortDescription": {
                "text": "Security scheme without description",
              },
            },
          ],
          "version": "0.0.0",
        },
      },
    },
  ],
  "version": "2.1.0",
}
`;

exports[`audit rule descriptions > explains one rule: its texts, severity and options 1`] = `
"operation-id-present — Docs readiness · Warning
Operation without operationId

Why it matters: That fallback is derived from the method and the path, so every link a reader shares breaks the day the path is renamed.
How to fix: Give the operation a stable, unique operationId — a verb and a noun, in letters, digits and underscores (listPets).

Options:
  depth = 3 (1–9)
"
`;

exports[`audit rule descriptions > lists the rules as a versioned JSON document 1`] = `
{
  "categories": [
    {
      "id": "correctness",
      "label": "Correctness",
    },
    {
      "id": "security",
      "label": "Security",
    },
    {
      "id": "completeness",
      "label": "Documentation",
    },
    {
      "id": "deprecation",
      "label": "Deprecation",
    },
    {
      "id": "consistency",
      "label": "Consistency",
    },
    {
      "id": "readiness",
      "label": "Docs readiness",
    },
    {
      "id": "agent",
      "label": "Agent readiness",
    },
  ],
  "format": "apiglow-audit-rules",
  "rules": [
    {
      "category": "readiness",
      "fix": "Give the operation a stable, unique operationId — a verb and a noun, in letters, digits and underscores (listPets).",
      "id": "operation-id-present",
      "label": "Operation without operationId",
      "message": "No operationId — the deep link falls back to “{fallbackId}”.",
      "severity": "warning",
      "why": "That fallback is derived from the method and the path, so every link a reader shares breaks the day the path is renamed.",
    },
    {
      "category": "readiness",
      "fix": "Give the operation a stable, unique operationId — a verb and a noun, in letters, digits and underscores (listPets).",
      "id": "operation-id-present",
      "label": "Operation without operationId",
      "message": "No operationId — the deep link falls back to “{fallbackId}”.",
      "options": {
        "depth": {
          "default": 3,
          "max": 9,
          "min": 1,
        },
      },
      "severity": "warning",
      "why": "That fallback is derived from the method and the path, so every link a reader shares breaks the day the path is renamed.",
    },
  ],
  "tool": {
    "name": "apiglow",
    "version": "0.0.0",
  },
  "version": 1,
}
`;
